// Jest Snapshot v1, https://goo.gl/fbAQLP

exports[`test icon-cli icons renders correctly 1`] = `
<svg
  data-icon="Bell"
  fill="currentColor"
  height="1em"
  style={{}}
  viewBox="0 0 24 24"
  width="1em"
  xmlns="http://www.w3.org/2000/svg"
>
  <path
    clipRule="evenodd"
    d="M12 1.887a.9.9 0 0 1 .9.9v1.566A6.509 6.509 0 0 1 18.51 10.8v4.006a1.504 1.504 0 0 0 1.504 1.504.9.9 0 0 1 0 1.8H3.988a.9.9 0 0 1 0-1.8 1.504 1.504 0 0 0 1.504-1.504V10.8A6.509 6.509 0 0 1 11.1 4.353V2.787a.9.9 0 0 1 .9-.9ZM6.93 16.31h10.14a3.305 3.305 0 0 1-.361-1.504V10.8a4.709 4.709 0 0 0-9.417 0v4.006c0 .528-.126 1.043-.362 1.504Zm3.233 3.326a.9.9 0 0 1 1.23.327.703.703 0 0 0 1.215 0 .9.9 0 0 1 1.557.903 2.502 2.502 0 0 1-4.33 0 .9.9 0 0 1 .328-1.23Z"
    fillRule="evenodd"
  />
</svg>
`;

exports[`test icon-cli renders correctly 1`] = `
<svg
  data-icon="Bell"
  fill="currentColor"
  height="1em"
  style={{}}
  viewBox="0 0 24 24"
  width="1em"
  xmlns="http://www.w3.org/2000/svg"
>
  <path
    clipRule="evenodd"
    d="M12 1.887a.9.9 0 0 1 .9.9v1.566A6.509 6.509 0 0 1 18.51 10.8v4.006a1.504 1.504 0 0 0 1.504 1.504.9.9 0 0 1 0 1.8H3.988a.9.9 0 0 1 0-1.8 1.504 1.504 0 0 0 1.504-1.504V10.8A6.509 6.509 0 0 1 11.1 4.353V2.787a.9.9 0 0 1 .9-.9ZM6.93 16.31h10.14a3.305 3.305 0 0 1-.361-1.504V10.8a4.709 4.709 0 0 0-9.417 0v4.006c0 .528-.126 1.043-.362 1.504Zm3.233 3.326a.9.9 0 0 1 1.23.327.703.703 0 0 0 1.215 0 .9.9 0 0 1 1.557.903 2.502 2.502 0 0 1-4.33 0 .9.9 0 0 1 .328-1.23Z"
    fillRule="evenodd"
  />
</svg>
`;
